{
  "step1": {
    "status": "success",
    "output": "AI analysis completed for Java JAR"
  },
  "step2": {
    "status": "success",
    "output": "Java disassembly completed"
  },
  "step3": {
    "status": "success",
    "output": "AI inspection completed"
  },
  "step4": {
    "status": "success",
    "output": "Specifications generated"
  },
  "step5": {
    "status": "success",
    "output": "Human readable code generated"
  },
  "step6": {
    "status": "success",
    "output": "Deobfuscation completed"
  },
  "step7": {
    "status": "success",
    "output": "Implementation generated"
  },
  "step8": {
    "status": "success",
    "output": "Validation completed"
  }
}
